BASE CHECK PASSED
INT GET PASSED
INT64 GET PASSED
UINT64 GET PASSED
PASSED
